---
source: crates/oxc_linter/src/tester.rs
---

  ⚠ svelte(infinite-reactive-loop): Possibly it may occur an infinite reactive loop.
   ╭─[infinite_reactive_loop.tsx:7:3]
 6 │         await doSomething();
 7 │         a = a + 1;
   ·         ─
 8 │     })();
   ╰────

  ⚠ svelte(infinite-reactive-loop): Possibly it may occur an infinite reactive loop.
   ╭─[infinite_reactive_loop.tsx:6:3]
 5 │     $: fetch().then(() => {
 6 │         a = a + 1;
   ·         ─
 7 │     });
   ╰────

  ⚠ svelte(infinite-reactive-loop): Possibly it may occur an infinite reactive loop.
   ╭─[infinite_reactive_loop.tsx:8:4]
 7 │         fetch().then(() => {
 8 │             a += 1;
   ·             ─
 9 │         });
   ╰────

  ⚠ svelte(infinite-reactive-loop): Possibly it may occur an infinite reactive loop because this function may update `a`.
    ╭─[infinite_reactive_loop.tsx:14:9]
 13 │         console.log(a);
 14 │         await doSomething();
    ·               ───────────
 15 │     })();
    ╰────

  ⚠ svelte(infinite-reactive-loop): Possibly it may occur an infinite reactive loop.
   ╭─[infinite_reactive_loop.tsx:8:3]
 7 │         await fetch();
 8 │         a += 1;
   ·         ─
 9 │     };
   ╰────

  ⚠ svelte(infinite-reactive-loop): Possibly it may occur an infinite reactive loop because this function may update `a`.
    ╭─[infinite_reactive_loop.tsx:13:9]
 12 │         console.log(a);
 13 │         await doSomething();
    ·               ───────────
 14 │     })();
    ╰────

  ⚠ svelte(infinite-reactive-loop): Possibly it may occur an infinite reactive loop.
   ╭─[infinite_reactive_loop.tsx:6:3]
 5 │         await fetchFromServer();
 6 │         a += 1;
   ·         ─
 7 │         $count += 1;
   ╰────

  ⚠ svelte(infinite-reactive-loop): Possibly it may occur an infinite reactive loop because this function may update `a`.
    ╭─[infinite_reactive_loop.tsx:17:9]
 16 │         console.log(a);
 17 │         await doSomething();
    ·               ───────────
 18 │         doSomething2();
    ╰────

  ⚠ svelte(infinite-reactive-loop): Possibly it may occur an infinite reactive loop.
    ╭─[infinite_reactive_loop.tsx:11:3]
 10 │     const doSomething2 = () => {
 11 │         a += 1;
    ·         ─
 12 │         $count += 1;
    ╰────

  ⚠ svelte(infinite-reactive-loop): Possibly it may occur an infinite reactive loop because this function may update `a`.
    ╭─[infinite_reactive_loop.tsx:18:3]
 17 │         await doSomething();
 18 │         doSomething2();
    ·         ────────────
 19 │     })();
    ╰────

  ⚠ svelte(infinite-reactive-loop): Possibly it may occur an infinite reactive loop.
   ╭─[infinite_reactive_loop.tsx:6:3]
 5 │         await fetchFromServer();
 6 │         a += 1;
   ·         ─
 7 │         obj.a += 1;
   ╰────

  ⚠ svelte(infinite-reactive-loop): Possibly it may occur an infinite reactive loop because this function may update `a`.
    ╭─[infinite_reactive_loop.tsx:12:9]
 11 │         console.log(a);
 12 │         await doSomething();
    ·               ───────────
 13 │     })();
    ╰────

  ⚠ svelte(infinite-reactive-loop): Possibly it may occur an infinite reactive loop.
   ╭─[infinite_reactive_loop.tsx:5:3]
 4 │         await fetchFromServer();
 5 │         obj.a += 1;
   ·         ───
 6 │     };
   ╰────

  ⚠ svelte(infinite-reactive-loop): Possibly it may occur an infinite reactive loop because this function may update `obj`.
    ╭─[infinite_reactive_loop.tsx:9:9]
  8 │     $: (async () => {
  9 │         await doSomething();
    ·               ───────────
 10 │         obj.a += 1;
    ╰────

  ⚠ svelte(infinite-reactive-loop): Possibly it may occur an infinite reactive loop.
    ╭─[infinite_reactive_loop.tsx:10:3]
  9 │         await doSomething();
 10 │         obj.a += 1;
    ·         ───
 11 │     })();
    ╰────

  ⚠ svelte(infinite-reactive-loop): Possibly it may occur an infinite reactive loop.
   ╭─[infinite_reactive_loop.tsx:5:3]
 4 │     const doSomething = () => {
 5 │         $store += 1;
   ·         ──────
 6 │     };
   ╰────

  ⚠ svelte(infinite-reactive-loop): Possibly it may occur an infinite reactive loop because this function may update `$store`.
    ╭─[infinite_reactive_loop.tsx:11:3]
 10 │         await fetch();
 11 │         doSomething();
    ·         ───────────
 12 │     })();
    ╰────

  ⚠ svelte(infinite-reactive-loop): Possibly it may occur an infinite reactive loop.
   ╭─[infinite_reactive_loop.tsx:6:3]
 5 │         await fetchFromServer();
 6 │         foo.obj += 1;
   ·         ───
 7 │     };
   ╰────

  ⚠ svelte(infinite-reactive-loop): Possibly it may occur an infinite reactive loop because this function may update `foo`.
    ╭─[infinite_reactive_loop.tsx:12:9]
 11 │         console.log(obj);
 12 │         await doSomething();
    ·               ───────────
 13 │         foo.obj += 1;
    ╰────

  ⚠ svelte(infinite-reactive-loop): Possibly it may occur an infinite reactive loop.
    ╭─[infinite_reactive_loop.tsx:13:3]
 12 │         await doSomething();
 13 │         foo.obj += 1;
    ·         ───
 14 │         obj.a = 1;
    ╰────

  ⚠ svelte(infinite-reactive-loop): Possibly it may occur an infinite reactive loop.
    ╭─[infinite_reactive_loop.tsx:10:3]
  9 │     $: (async () => {
 10 │         obj.a += await doSomething((obj.a += 1));
    ·         ───
 11 │     })();
    ╰────

  ⚠ svelte(infinite-reactive-loop): Possibly it may occur an infinite reactive loop.
    ╭─[infinite_reactive_loop.tsx:9:28]
  8 │     $: (async () => {
  9 │         doSomething((await 'a', (obj.a += 1)));
    ·                                  ───
 10 │     })();
    ╰────

  ⚠ svelte(infinite-reactive-loop): Possibly it may occur an infinite reactive loop.
   ╭─[infinite_reactive_loop.tsx:8:4]
 7 │             await new Promise((resolve) => setTimeout(resolve, 100));
 8 │             a += 1;
   ·             ─
 9 │         })();
   ╰────

  ⚠ svelte(infinite-reactive-loop): Possibly it may occur an infinite reactive loop.
   ╭─[infinite_reactive_loop.tsx:6:4]
 5 │         Promise.resolve().then(() => {
 6 │             a = a + 1;
   ·             ─
 7 │             a += 1;
   ╰────

  ⚠ svelte(infinite-reactive-loop): Possibly it may occur an infinite reactive loop.
   ╭─[infinite_reactive_loop.tsx:7:4]
 6 │             a = a + 1;
 7 │             a += 1;
   ·             ─
 8 │         });
   ╰────

  ⚠ svelte(infinite-reactive-loop): Possibly it may occur an infinite reactive loop.
    ╭─[infinite_reactive_loop.tsx:11:4]
 10 │         Promise.resolve().catch(() => {
 11 │             a = a + 1;
    ·             ─
 12 │         });
    ╰────

  ⚠ svelte(infinite-reactive-loop): Possibly it may occur an infinite reactive loop.
    ╭─[infinite_reactive_loop.tsx:10:5]
  9 │             .then(() => {
 10 │                 a = a + 1;
    ·                 ─
 11 │             })
    ╰────

  ⚠ svelte(infinite-reactive-loop): Possibly it may occur an infinite reactive loop.
    ╭─[infinite_reactive_loop.tsx:13:5]
 12 │             .catch(() => {
 13 │                 a = a + 1;
    ·                 ─
 14 │             });
    ╰────

  ⚠ svelte(infinite-reactive-loop): Possibly it may occur an infinite reactive loop.
   ╭─[infinite_reactive_loop.tsx:8:5]
 7 │             .then(() => {
 8 │                 a = a + 1;
   ·                 ─
 9 │             })
   ╰────

  ⚠ svelte(infinite-reactive-loop): Possibly it may occur an infinite reactive loop.
    ╭─[infinite_reactive_loop.tsx:11:5]
 10 │             .catch(() => {
 11 │                 a = a + 1;
    ·                 ─
 12 │             });
    ╰────

  ⚠ svelte(infinite-reactive-loop): Possibly it may occur an infinite reactive loop.
   ╭─[infinite_reactive_loop.tsx:7:3]
 6 │         await Promise.resolve();
 7 │         a = a + 1;
   ·         ─
 8 │     })();
   ╰────

  ⚠ svelte(infinite-reactive-loop): Possibly it may occur an infinite reactive loop.
   ╭─[infinite_reactive_loop.tsx:7:5]
 6 │             .catch(() => {
 7 │                 a = a + 1;
   ·                 ─
 8 │             })
   ╰────

  ⚠ svelte(infinite-reactive-loop): Possibly it may occur an infinite reactive loop.
    ╭─[infinite_reactive_loop.tsx:10:5]
  9 │             .catch(() => {
 10 │                 a = a + 1;
    ·                 ─
 11 │             });
    ╰────

  ⚠ svelte(infinite-reactive-loop): Possibly it may occur an infinite reactive loop.
   ╭─[infinite_reactive_loop.tsx:7:5]
 6 │             .catch(() => {
 7 │                 a = a + 1;
   ·                 ─
 8 │             })
   ╰────

  ⚠ svelte(infinite-reactive-loop): Possibly it may occur an infinite reactive loop.
    ╭─[infinite_reactive_loop.tsx:10:5]
  9 │             .then(() => {
 10 │                 a = a + 1;
    ·                 ─
 11 │             });
    ╰────

  ⚠ svelte(infinite-reactive-loop): Possibly it may occur an infinite reactive loop.
   ╭─[infinite_reactive_loop.tsx:7:4]
 6 │         queueMicrotask(() => {
 7 │             a = a + 1;
   ·             ─
 8 │         });
   ╰────

  ⚠ svelte(infinite-reactive-loop): Possibly it may occur an infinite reactive loop.
    ╭─[infinite_reactive_loop.tsx:13:4]
 12 │         queueMicrotask2(() => {
 13 │             a = a + 1;
    ·             ─
 14 │         });
    ╰────

  ⚠ svelte(infinite-reactive-loop): Possibly it may occur an infinite reactive loop.
   ╭─[infinite_reactive_loop.tsx:7:4]
 6 │         setInterval(() => {
 7 │             a = a + 1;
   ·             ─
 8 │         });
   ╰────

  ⚠ svelte(infinite-reactive-loop): Possibly it may occur an infinite reactive loop.
    ╭─[infinite_reactive_loop.tsx:13:4]
 12 │         setInterval2(() => {
 13 │             a = a + 1;
    ·             ─
 14 │         });
    ╰────

  ⚠ svelte(infinite-reactive-loop): Possibly it may occur an infinite reactive loop.
    ╭─[infinite_reactive_loop.tsx:11:4]
 10 │         setTimeout(() => {
 11 │             a = a + 1;
    ·             ─
 12 │         });
    ╰────

  ⚠ svelte(infinite-reactive-loop): Possibly it may occur an infinite reactive loop.
    ╭─[infinite_reactive_loop.tsx:17:4]
 16 │         setTimeout2(() => {
 17 │             a = a + 1;
    ·             ─
 18 │         });
    ╰────

  ⚠ svelte(infinite-reactive-loop): Possibly it may occur an infinite reactive loop.
   ╭─[infinite_reactive_loop.tsx:5:3]
 4 │     $: setTimeout(() => {
 5 │         $store += 1;
   ·         ──────
 6 │     }, 100);
   ╰────

  ⚠ svelte(infinite-reactive-loop): Possibly it may occur an infinite reactive loop.
   ╭─[infinite_reactive_loop.tsx:8:4]
 7 │         tick(() => {
 8 │             a = a + 1;
   ·             ─
 9 │         });
   ╰────

  ⚠ svelte(infinite-reactive-loop): Possibly it may occur an infinite reactive loop.
    ╭─[infinite_reactive_loop.tsx:14:4]
 13 │         tick2(() => {
 14 │             a = a + 1;
    ·             ─
 15 │         });
    ╰────

  ⚠ svelte(infinite-reactive-loop): Possibly it may occur an infinite reactive loop.
    ╭─[infinite_reactive_loop.tsx:20:3]
 19 │         await tick();
 20 │         a = a + 1;
    ·         ─
 21 │     })();
    ╰────

  ⚠ svelte(infinite-reactive-loop): Possibly it may occur an infinite reactive loop.
    ╭─[infinite_reactive_loop.tsx:25:3]
 24 │         await tick2();
 25 │         a = a + 1;
    ·         ─
 26 │     })();
    ╰────

  ⚠ svelte(infinite-reactive-loop): Possibly it may occur an infinite reactive loop.
    ╭─[infinite_reactive_loop.tsx:17:4]
 16 │         tick2(() => {
 17 │             a = a + 1;
    ·             ─
 18 │         });
    ╰────

  ⚠ svelte(infinite-reactive-loop): Possibly it may occur an infinite reactive loop.
    ╭─[infinite_reactive_loop.tsx:23:3]
 22 │         await tick();
 23 │         a = a + 1;
    ·         ─
 24 │     })();
    ╰────

  ⚠ svelte(infinite-reactive-loop): Possibly it may occur an infinite reactive loop.
    ╭─[infinite_reactive_loop.tsx:28:3]
 27 │         await tick2();
 28 │         a = a + 1;
    ·         ─
 29 │     })();
    ╰────
