---
source: crates/oxc_linter/src/tester.rs
---

  ⚠ svelte(require-event-prefix): Component event name must start with "on".
   ╭─[require_event_prefix.tsx:2:20]
 1 │ <script lang="ts">
 2 │     interface Props { clicked: () => void }
   ·                       ───────────────────
 3 │     let { clicked }: Props = $props();
   ╰────
  help: Rename the prop so it reads as an event, like `onclick`.

  ⚠ svelte(require-event-prefix): Component event name must start with "on".
   ╭─[require_event_prefix.tsx:2:21]
 1 │ <script lang="ts">
 2 │     let { clicked }: { clicked: () => void } = $props();
   ·                        ───────────────────
 3 │ </script>
   ╰────
  help: Rename the prop so it reads as an event, like `onclick`.

  ⚠ svelte(require-event-prefix): Component event name must start with "on".
   ╭─[require_event_prefix.tsx:2:17]
 1 │ <script lang="ts">
 2 │     type Props = { clicked: () => void };
   ·                    ───────────────────
 3 │     let { clicked }: Props = $props();
   ╰────
  help: Rename the prop so it reads as an event, like `onclick`.

  ⚠ svelte(require-event-prefix): Component event name must start with "on".
   ╭─[require_event_prefix.tsx:2:20]
 1 │ <script lang="ts">
 2 │     interface Props { clicked(): void }
   ·                       ───────────────
 3 │     let { clicked }: Props = $props();
   ╰────
  help: Rename the prop so it reads as an event, like `onclick`.

  ⚠ svelte(require-event-prefix): Component event name must start with "on".
   ╭─[require_event_prefix.tsx:2:20]
 1 │ <script lang="ts">
 2 │     interface Props { load(): Promise<void> }
   ·                       ─────────────────────
 3 │     let { load }: Props = $props();
   ╰────
  help: Rename the prop so it reads as an event, like `onclick`.
