---
source: crates/oxc_linter/src/tester.rs
assertion_line: 490
---

  ⚠ vue(no-deprecated-dollar-scopedslots-api): The `$scopedSlots` is deprecated.
   ╭─[no_deprecated_dollar_scopedslots_api.tsx:1:22]
 1 │ <template><div v-if="$scopedSlots.default"/></template>
   ·                      ────────────
   ╰────
  help: Vue 3 merges scoped slots into `$slots`; use `$slots` instead of `$scopedSlots`.

  ⚠ vue(no-deprecated-dollar-scopedslots-api): The `$scopedSlots` is deprecated.
   ╭─[no_deprecated_dollar_scopedslots_api.tsx:1:31]
 1 │ <template><div v-for="slot in $scopedSlots"/></template>
   ·                               ────────────
   ╰────
  help: Vue 3 merges scoped slots into `$slots`; use `$slots` instead of `$scopedSlots`.

  ⚠ vue(no-deprecated-dollar-scopedslots-api): The `$scopedSlots` is deprecated.
   ╭─[no_deprecated_dollar_scopedslots_api.tsx:1:22]
 1 │ <template><div :foo="$scopedSlots"/></template>
   ·                      ────────────
   ╰────
  help: Vue 3 merges scoped slots into `$slots`; use `$slots` instead of `$scopedSlots`.

  ⚠ vue(no-deprecated-dollar-scopedslots-api): The `$scopedSlots` is deprecated.
   ╭─[no_deprecated_dollar_scopedslots_api.tsx:1:19]
 1 │ <template><div>{{ $scopedSlots.foo() }}</div></template>
   ·                   ────────────
   ╰────
  help: Vue 3 merges scoped slots into `$slots`; use `$slots` instead of `$scopedSlots`.

  ⚠ vue(no-deprecated-dollar-scopedslots-api): The `$scopedSlots` is deprecated.
   ╭─[no_deprecated_dollar_scopedslots_api.tsx:1:25]
 1 │ <template><div v-on="fn($scopedSlots, $scopedSlots)"/></template>
   ·                         ────────────
   ╰────
  help: Vue 3 merges scoped slots into `$slots`; use `$slots` instead of `$scopedSlots`.

  ⚠ vue(no-deprecated-dollar-scopedslots-api): The `$scopedSlots` is deprecated.
   ╭─[no_deprecated_dollar_scopedslots_api.tsx:1:39]
 1 │ <template><div v-on="fn($scopedSlots, $scopedSlots)"/></template>
   ·                                       ────────────
   ╰────
  help: Vue 3 merges scoped slots into `$slots`; use `$slots` instead of `$scopedSlots`.
