---
source: crates/oxc_linter/src/tester.rs
assertion_line: 490
---

  ⚠ vue(no-textarea-mustache): Unexpected mustache. Use 'v-model' instead.
   ╭─[no_textarea_mustache.tsx:1:21]
 1 │ <template><textarea>{{ text }}</textarea></template>
   ·                     ──────────
   ╰────
  help: `<textarea>` content is not reactive to mustache changes; bind it with `v-model` instead.

  ⚠ vue(no-textarea-mustache): Unexpected mustache. Use 'v-model' instead.
   ╭─[no_textarea_mustache.tsx:1:21]
 1 │ <template><textarea>{{ a }} and {{ b }}</textarea></template>
   ·                     ───────
   ╰────
  help: `<textarea>` content is not reactive to mustache changes; bind it with `v-model` instead.

  ⚠ vue(no-textarea-mustache): Unexpected mustache. Use 'v-model' instead.
   ╭─[no_textarea_mustache.tsx:1:33]
 1 │ <template><textarea>{{ a }} and {{ b }}</textarea></template>
   ·                                 ───────
   ╰────
  help: `<textarea>` content is not reactive to mustache changes; bind it with `v-model` instead.
