---
source: crates/oxc_linter/src/tester.rs
assertion_line: 490
---

  ⚠ vue(valid-v-if): 'v-if' directives require that attribute value.
   ╭─[valid_v_if.tsx:1:16]
 1 │ <template><div v-if /></template>
   ·                ────
   ╰────
  help: Give `v-if` a condition expression, e.g. `v-if="isVisible"`.

  ⚠ vue(valid-v-if): 'v-if' directives require that attribute value.
   ╭─[valid_v_if.tsx:1:16]
 1 │ <template><div v-if="" /></template>
   ·                ───────
   ╰────
  help: Give `v-if` a condition expression, e.g. `v-if="isVisible"`.

  ⚠ vue(valid-v-if): 'v-if' directives require no argument.
   ╭─[valid_v_if.tsx:1:21]
 1 │ <template><div v-if:aaa="foo" /></template>
   ·                     ───
   ╰────
  help: Remove the argument, e.g. use `v-if="condition"` instead of `v-if:arg="condition"`.

  ⚠ vue(valid-v-if): 'v-if' directives require no modifier.
   ╭─[valid_v_if.tsx:1:21]
 1 │ <template><div v-if.aaa="foo" /></template>
   ·                     ───
   ╰────
  help: Remove the modifier; `v-if` does not accept any.

  ⚠ vue(valid-v-if): 'v-if' and 'v-else' directives can't exist on the same element. You may want 'v-else-if' directives.
   ╭─[valid_v_if.tsx:1:16]
 1 │ <template><div v-if="foo" v-else /></template>
   ·                ──────────
   ╰────
  help: Remove one of the directives, or change `v-else` to `v-else-if` with its own condition.

  ⚠ vue(valid-v-if): 'v-if' and 'v-else-if' directives can't exist on the same element.
   ╭─[valid_v_if.tsx:1:16]
 1 │ <template><div v-if="foo" v-else-if="bar" /></template>
   ·                ──────────
   ╰────
  help: Remove one of the directives; an element can only start one branch of a conditional chain.
