---
source: crates/oxc_linter/src/tester.rs
assertion_line: 490
---

  ⚠ vue(valid-v-html): 'v-html' directives require that attribute value.
   ╭─[valid_v_html.tsx:1:16]
 1 │ <template><div v-html /></template>
   ·                ──────
   ╰────
  help: Give `v-html` an expression that evaluates to the HTML string to render, e.g. `v-html="rawHtml"`.

  ⚠ vue(valid-v-html): 'v-html' directives require that attribute value.
   ╭─[valid_v_html.tsx:1:16]
 1 │ <template><div v-html="" /></template>
   ·                ─────────
   ╰────
  help: Give `v-html` an expression that evaluates to the HTML string to render, e.g. `v-html="rawHtml"`.

  ⚠ vue(valid-v-html): 'v-html' directives require no argument.
   ╭─[valid_v_html.tsx:1:23]
 1 │ <template><div v-html:aaa="rawHtml" /></template>
   ·                       ───
   ╰────
  help: Remove the argument; `v-html` does not accept one.

  ⚠ vue(valid-v-html): 'v-html' directives require no modifier.
   ╭─[valid_v_html.tsx:1:23]
 1 │ <template><div v-html.aaa="rawHtml" /></template>
   ·                       ───
   ╰────
  help: Remove the modifier; `v-html` does not accept any.
