---
source: crates/oxc_linter/src/tester.rs
assertion_line: 490
---

  ⚠ vue(no-duplicate-attributes): Duplicate attribute 'foo'.
   ╭─[no_duplicate_attributes.tsx:1:24]
 1 │ <template><div foo="a" foo="b" /></template>
   ·                        ───────
   ╰────
  help: Remove the duplicated attribute; only the last one takes effect.

  ⚠ vue(no-duplicate-attributes): Duplicate attribute 'foo'.
   ╭─[no_duplicate_attributes.tsx:1:24]
 1 │ <template><div foo="a" :foo="b" /></template>
   ·                        ────────
   ╰────
  help: Remove the duplicated attribute; only the last one takes effect.

  ⚠ vue(no-duplicate-attributes): Duplicate attribute 'foo'.
   ╭─[no_duplicate_attributes.tsx:1:25]
 1 │ <template><div :foo="a" v-bind:foo="b" /></template>
   ·                         ──────────────
   ╰────
  help: Remove the duplicated attribute; only the last one takes effect.

  ⚠ vue(no-duplicate-attributes): Duplicate attribute 'class'.
   ╭─[no_duplicate_attributes.tsx:1:27]
 1 │ <template><div :class="a" :class="b" /></template>
   ·                           ──────────
   ╰────
  help: Remove the duplicated attribute; only the last one takes effect.

  ⚠ vue(no-duplicate-attributes): Duplicate attribute 'class'.
   ╭─[no_duplicate_attributes.tsx:1:26]
 1 │ <template><div class="a" :class="b" /></template>
   ·                          ──────────
   ╰────
  help: Remove the duplicated attribute; only the last one takes effect.

  ⚠ vue(no-duplicate-attributes): Duplicate attribute 'style'.
   ╭─[no_duplicate_attributes.tsx:1:26]
 1 │ <template><div style="a" :style="b" /></template>
   ·                          ──────────
   ╰────
  help: Remove the duplicated attribute; only the last one takes effect.
