---
source: crates/oxc_linter/src/tester.rs
assertion_line: 490
---

  ⚠ vue(no-deprecated-router-link-tag-prop): 'tag' property on 'router-link' component is deprecated. Use scoped slots instead.
   ╭─[no_deprecated_router_link_tag_prop.tsx:1:24]
 1 │ <template><router-link tag="a"></router-link></template>
   ·                        ───
   ╰────
  help: Vue Router 4 dropped `RouterLink`'s `tag` prop; render the desired element yourself with `RouterLink`'s `v-slot`/custom scoped-slot API instead.

  ⚠ vue(no-deprecated-router-link-tag-prop): 'tag' property on 'RouterLink' component is deprecated. Use scoped slots instead.
   ╭─[no_deprecated_router_link_tag_prop.tsx:1:23]
 1 │ <template><RouterLink tag="a"></RouterLink></template>
   ·                       ───
   ╰────
  help: Vue Router 4 dropped `RouterLink`'s `tag` prop; render the desired element yourself with `RouterLink`'s `v-slot`/custom scoped-slot API instead.

  ⚠ vue(no-deprecated-router-link-tag-prop): 'tag' property on 'router-link' component is deprecated. Use scoped slots instead.
   ╭─[no_deprecated_router_link_tag_prop.tsx:1:25]
 1 │ <template><router-link :tag="a"></router-link></template>
   ·                         ───
   ╰────
  help: Vue Router 4 dropped `RouterLink`'s `tag` prop; render the desired element yourself with `RouterLink`'s `v-slot`/custom scoped-slot API instead.

  ⚠ vue(no-deprecated-router-link-tag-prop): 'tag' property on 'RouterLink' component is deprecated. Use scoped slots instead.
   ╭─[no_deprecated_router_link_tag_prop.tsx:1:30]
 1 │ <template><RouterLink v-bind:tag="a"></RouterLink></template>
   ·                              ───
   ╰────
  help: Vue Router 4 dropped `RouterLink`'s `tag` prop; render the desired element yourself with `RouterLink`'s `v-slot`/custom scoped-slot API instead.

  ⚠ vue(no-deprecated-router-link-tag-prop): 'tag' property on 'nuxt-link' component is deprecated. Use scoped slots instead.
   ╭─[no_deprecated_router_link_tag_prop.tsx:1:22]
 1 │ <template><nuxt-link tag="a"></nuxt-link></template>
   ·                      ───
   ╰────
  help: Vue Router 4 dropped `RouterLink`'s `tag` prop; render the desired element yourself with `RouterLink`'s `v-slot`/custom scoped-slot API instead.

  ⚠ vue(no-deprecated-router-link-tag-prop): 'tag' property on 'NuxtLink' component is deprecated. Use scoped slots instead.
   ╭─[no_deprecated_router_link_tag_prop.tsx:1:21]
 1 │ <template><NuxtLink tag="a"></NuxtLink></template>
   ·                     ───
   ╰────
  help: Vue Router 4 dropped `RouterLink`'s `tag` prop; render the desired element yourself with `RouterLink`'s `v-slot`/custom scoped-slot API instead.
