---
source: crates/oxc_linter/src/tester.rs
assertion_line: 490
---

  ⚠ vue(no-dupe-v-else-if): This branch can never execute. Its condition is a duplicate or covered by previous conditions in the `v-if` / `v-else-if` chain.
   ╭─[no_dupe_v_else_if.tsx:1:43]
 1 │ <template><div v-if="a" /><div v-else-if="a" /></template>
   ·                                           ─
   ╰────
  help: Remove the duplicate branch, or change its condition so it covers a distinct case.

  ⚠ vue(no-dupe-v-else-if): This branch can never execute. Its condition is a duplicate or covered by previous conditions in the `v-if` / `v-else-if` chain.
   ╭─[no_dupe_v_else_if.tsx:1:48]
 1 │ <template><div v-if="a || b" /><div v-else-if="a" /></template>
   ·                                                ─
   ╰────
  help: Remove the duplicate branch, or change its condition so it covers a distinct case.

  ⚠ vue(no-dupe-v-else-if): This branch can never execute. Its condition is a duplicate or covered by previous conditions in the `v-if` / `v-else-if` chain.
   ╭─[no_dupe_v_else_if.tsx:1:43]
 1 │ <template><div v-if="a" /><div v-else-if="a && b" /></template>
   ·                                           ─
   ╰────
  help: Remove the duplicate branch, or change its condition so it covers a distinct case.

  ⚠ vue(no-dupe-v-else-if): This branch can never execute. Its condition is a duplicate or covered by previous conditions in the `v-if` / `v-else-if` chain.
   ╭─[no_dupe_v_else_if.tsx:1:48]
 1 │ <template><div v-if="a" /><div v-else-if="b && a" /></template>
   ·                                                ─
   ╰────
  help: Remove the duplicate branch, or change its condition so it covers a distinct case.

  ⚠ vue(no-dupe-v-else-if): This branch can never execute. Its condition is a duplicate or covered by previous conditions in the `v-if` / `v-else-if` chain.
   ╭─[no_dupe_v_else_if.tsx:1:48]
 1 │ <template><div v-if="a || b" /><div v-else-if="b || a" /></template>
   ·                                                ──────
   ╰────
  help: Remove the duplicate branch, or change its condition so it covers a distinct case.

  ⚠ vue(no-dupe-v-else-if): This branch can never execute. Its condition is a duplicate or covered by previous conditions in the `v-if` / `v-else-if` chain.
   ╭─[no_dupe_v_else_if.tsx:1:45]
 1 │ <template><div v-if="(a)" /><div v-else-if="a" /></template>
   ·                                             ─
   ╰────
  help: Remove the duplicate branch, or change its condition so it covers a distinct case.

  ⚠ vue(no-dupe-v-else-if): This branch can never execute. Its condition is a duplicate or covered by previous conditions in the `v-if` / `v-else-if` chain.
   ╭─[no_dupe_v_else_if.tsx:1:64]
 1 │ <template><div v-if="a" /><div v-else-if="b" /><div v-else-if="a" /></template>
   ·                                                                ─
   ╰────
  help: Remove the duplicate branch, or change its condition so it covers a distinct case.
