---
source: crates/oxc_linter/src/tester.rs
assertion_line: 490
---

  ⚠ vue(v-slot-style): Expected '#bar' instead of 'v-slot:bar'.
   ╭─[v_slot_style.tsx:1:29]
 1 │ <template><MyComp><Template v-slot:bar="p">{{p}}</Template></MyComp></template>
   ·                             ──────────
   ╰────

  ⚠ vue(v-slot-style): Expected 'v-slot' instead of 'v-slot:default'.
   ╭─[v_slot_style.tsx:1:24]
 1 │ <template><MyComponent v-slot:default="{ item }">{{ item }}</MyComponent></template>
   ·                        ──────────────
   ╰────

  ⚠ vue(v-slot-style): Expected 'v-slot' instead of '#default'.
   ╭─[v_slot_style.tsx:1:24]
 1 │ <template><MyComponent #default>Default</MyComponent></template>
   ·                        ────────
   ╰────

  ⚠ vue(v-slot-style): Expected '#default' instead of 'v-slot:default'.
   ╭─[v_slot_style.tsx:1:34]
 1 │ <template><MyComponent><template v-slot:default>Default</template></MyComponent></template>
   ·                                  ──────────────
   ╰────

  ⚠ vue(v-slot-style): Expected '#name' instead of 'v-slot:name'.
   ╭─[v_slot_style.tsx:1:34]
 1 │ <template><MyComponent><template v-slot:name="{ item }">{{ item }}</template></MyComponent></template>
   ·                                  ───────────
   ╰────

  ⚠ vue(v-slot-style): Expected 'v-slot:name' instead of '#name'.
   ╭─[v_slot_style.tsx:1:34]
 1 │ <template><MyComponent><template #name="{ item }">{{ item }}</template></MyComponent></template>
   ·                                  ─────
   ╰────

  ⚠ vue(v-slot-style): Expected '#default' instead of 'v-slot'.
   ╭─[v_slot_style.tsx:1:24]
 1 │ <template><MyComponent v-slot="{ item }">{{ item }}</MyComponent></template>
   ·                        ──────
   ╰────
