---
source: crates/oxc_linter/src/tester.rs
assertion_line: 490
---

  ⚠ vue(no-v-for-template-key-on-child): `<template v-for>` key should be placed on the `<template>` tag.
   ╭─[no_v_for_template_key_on_child.tsx:1:48]
 1 │ <template><template v-for="item in items"><div :key="item.id" /></template></template>
   ·                                                ──────────────
   ╰────
  help: Move `:key` from the child element onto the `<template v-for>` tag itself.

  ⚠ vue(no-v-for-template-key-on-child): `<template v-for>` key should be placed on the `<template>` tag.
   ╭─[no_v_for_template_key_on_child.tsx:1:65]
 1 │ <template><template v-for="item in items" :key="unrelated"><div :key="item.id" /></template></template>
   ·                                                                 ──────────────
   ╰────
  help: Move `:key` from the child element onto the `<template v-for>` tag itself.

  ⚠ vue(no-v-for-template-key-on-child): `<template v-for>` key should be placed on the `<template>` tag.
   ╭─[no_v_for_template_key_on_child.tsx:1:55]
 1 │ <template><template v-for="(item, idx) in items"><div :key="idx" /></template></template>
   ·                                                       ──────────
   ╰────
  help: Move `:key` from the child element onto the `<template v-for>` tag itself.
