---
source: crates/oxc_linter/src/tester.rs
assertion_line: 490
---

  ⚠ vue(require-v-for-key): Elements in iteration expect to have 'v-bind:key' directives.
   ╭─[require_v_for_key.tsx:1:11]
 1 │ <template><div v-for="item in items">{{ item }}</div></template>
   ·           ───────────────────────────
   ╰────
  help: Add a `:key` binding so Vue can track each node's identity, e.g. `v-for="item in items" :key="item.id"`.

  ⚠ vue(require-v-for-key): Elements in iteration expect to have 'v-bind:key' directives.
   ╭─[require_v_for_key.tsx:1:43]
 1 │ <template><template v-for="item in items"><div /></template></template>
   ·                                           ───────
   ╰────
  help: Add a `:key` binding so Vue can track each node's identity, e.g. `v-for="item in items" :key="item.id"`.

  ⚠ vue(require-v-for-key): Elements in iteration expect to have 'v-bind:key' directives.
   ╭─[require_v_for_key.tsx:6:5]
 5 │   <ul>
 6 │     <li v-for="item in items">{{ item }}</li>
   ·     ──────────────────────────
 7 │   </ul>
   ╰────
  help: Add a `:key` binding so Vue can track each node's identity, e.g. `v-for="item in items" :key="item.id"`.
