---
source: crates/oxc_linter/src/tester.rs
assertion_line: 490
---

  ⚠ vue(no-deprecated-v-bind-sync): '.sync' modifier on 'v-bind' directive is deprecated. Use 'v-model:propName' instead.
   ╭─[no_deprecated_v_bind_sync.tsx:1:24]
 1 │ <template><MyComponent v-bind:foo.sync="bar" /></template>
   ·                        ─────────────────────
   ╰────
  help: Replace `:propName.sync="value"` with `v-model:propName="value"`.

  ⚠ vue(no-deprecated-v-bind-sync): '.sync' modifier on 'v-bind' directive is deprecated. Use 'v-model:propName' instead.
   ╭─[no_deprecated_v_bind_sync.tsx:1:24]
 1 │ <template><MyComponent :foo.sync="bar" /></template>
   ·                        ───────────────
   ╰────
  help: Replace `:propName.sync="value"` with `v-model:propName="value"`.

  ⚠ vue(no-deprecated-v-bind-sync): '.sync' modifier on 'v-bind' directive is deprecated. Use 'v-model:propName' instead.
   ╭─[no_deprecated_v_bind_sync.tsx:1:24]
 1 │ <template><MyComponent v-bind:[dynamicArg].sync="bar" /></template>
   ·                        ──────────────────────────────
   ╰────
  help: Replace `:propName.sync="value"` with `v-model:propName="value"`.

  ⚠ vue(no-deprecated-v-bind-sync): '.sync' modifier on 'v-bind' directive is deprecated. Use 'v-model:propName' instead.
   ╭─[no_deprecated_v_bind_sync.tsx:1:24]
 1 │ <template><MyComponent :[dynamicArg].sync="bar" /></template>
   ·                        ────────────────────────
   ╰────
  help: Replace `:propName.sync="value"` with `v-model:propName="value"`.

  ⚠ vue(no-deprecated-v-bind-sync): '.sync' modifier on 'v-bind' directive is deprecated. Use 'v-model:propName' instead.
   ╭─[no_deprecated_v_bind_sync.tsx:1:24]
 1 │ <template><MyComponent v-bind.sync="bar" /></template>
   ·                        ─────────────────
   ╰────
  help: Replace `:propName.sync="value"` with `v-model:propName="value"`.

  ⚠ vue(no-deprecated-v-bind-sync): '.sync' modifier on 'v-bind' directive is deprecated. Use 'v-model:propName' instead.
   ╭─[no_deprecated_v_bind_sync.tsx:1:24]
 1 │ <template><MyComponent :foo.sync.unknown="foo" /></template>
   ·                        ───────────────────────
   ╰────
  help: Replace `:propName.sync="value"` with `v-model:propName="value"`.
