---
source: crates/oxc_linter/src/tester.rs
assertion_line: 490
---

  ⚠ vue(valid-v-once): 'v-once' directives require no argument.
   ╭─[valid_v_once.tsx:1:23]
 1 │ <template><div v-once:aaa /></template>
   ·                       ───
   ╰────
  help: Remove the argument; `v-once` does not accept one.

  ⚠ vue(valid-v-once): 'v-once' directives require no modifier.
   ╭─[valid_v_once.tsx:1:16]
 1 │ <template><div v-once.aaa /></template>
   ·                ──────────
   ╰────
  help: Remove the modifier; `v-once` does not accept any.

  ⚠ vue(valid-v-once): 'v-once' directives require no attribute value.
   ╭─[valid_v_once.tsx:1:24]
 1 │ <template><div v-once="foo" /></template>
   ·                        ───
   ╰────
  help: Remove the value; `v-once` is a plain marker with nothing to bind.
