---
source: crates/oxc_formatter/tests/conformance.rs
expression: report
---
ts compatibility: 640/659 (97.12%), 16 files skipped

# Failed

| Spec path | Failed or Passed | Match ratio |
| :-------- | :--------------: | :---------: |
| typescript/as/comments/17407.ts | 💥 | 47.06% |
| typescript/call/callee-comments.ts | 💥 | 75.00% |
| typescript/comments/method_types.ts | 💥 | 82.05% |
| typescript/comments/type-parameters.ts | 💥 | 81.82% |
| typescript/comments/first-argument/first-argument.ts | 💥 | 81.16% |
| typescript/intersection/intersection-parens.ts | 💥💥✨ | 65.96% |
| typescript/intersection/consistent-with-flow/intersection-parens.ts | 💥 | 97.67% |
| typescript/intersection/consistent-with-flow/single-member.ts | 💥 | 88.24% |
| typescript/property-signature/consistent-with-flow/comments.ts | 💥 | 80.00% |
| typescript/template-literals/member-expression.ts | 💥 | 65.12% |
| typescript/type-parameters-arguments/18041.ts | 💥 | 91.43% |
| typescript/type-parameters-arguments/18604.ts | 💥 | 60.00% |
| typescript/type-parameters-arguments/19505.ts | 💥 | 61.54% |
| typescript/type-parameters-arguments/issue-6858.ts | 💥 | 60.61% |
| typescript/union/union-parens.ts | 💥 | 99.07% |
| typescript/union/comments/18106.ts | 💥 | 96.70% |
| typescript/union/consistent-with-flow/comment.ts | 💥 | 87.50% |
| typescript/union/consistent-with-flow/leading-comments.ts | 💥 | 90.14% |
| typescript/union/consistent-with-flow/single-type.ts | 💥 | 97.50% |

# Skipped (parse error, TODO: should be ignored or supported)

- jsx/expression-with-types/expression.js
- typescript/class/declare-readonly-field-initializer-w-annotation.ts
- typescript/conformance/classes/classDeclarations/classAbstractKeyword/classAbstractMixedWithModifiers.ts
- typescript/conformance/classes/classDeclarations/classAbstractKeyword/classAbstractProperties.ts
- typescript/conformance/classes/constructorDeclarations/constructorParameters/readonlyInConstructorParameters.ts
- typescript/conformance/types/functions/functionOverloadErrorsSyntax.ts
- typescript/custom/abstract/abstractProperties.ts
- typescript/declare/declare-class-fields.ts
- typescript/declare/declare-module.ts
- typescript/declare/declare-namespace.ts
- typescript/definite/definite.ts
- typescript/definite/without-annotation.ts
- typescript/interface2/module.ts
- typescript/module/keyword.ts
- typescript/namespace/invalid-await.ts
- typescript/type-parameters-arguments/const.ts

# Not idempotent

- jsx/comments/in-attributes.js
- jsx/spread/child.js
- typescript/as/comments/17407.ts
- typescript/as/comments/18160.ts
- typescript/call/callee-comments.ts
- typescript/method-chain/object/issue-17239.ts
- typescript/satisfies-operators/comments-unstable.ts
